// Jest Snapshot v1, https://goo.gl/fbAQLP

exports[`NavigationBar renders 1`] = `
<button
  class="text-black bg-white rounded-full px-2"
>
  <span
    class="m-4"
  >
    Create new trip
  </span>
</button>
`;
