// Jest Snapshot v1, https://goo.gl/fbAQLP

exports[`Button renders children 1`] = `
<button
  class="text-red-400 rounded-full px-2"
>
  Click me
</button>
`;
